// Jest Snapshot v1, https://goo.gl/fbAQLP

exports[`product-service tests return the products that match query 1`] = `
Array [
  Mobile 2000,
  Mobile 2.0 3000,
  Mobile 3.0 4000,
  Mobile 4.0 4000,
]
`;

exports[`product-service tests return the products that match query 2`] = `
Array [
  Mobile 2000,
  Mobile 2.0 3000,
  Mobile 3.0 4000,
  Mobile 4.0 4000,
]
`;

exports[`product-service tests return the products that match query 3`] = `
Array [
  Laptop 1000,
]
`;

exports[`product-service tests return the products that match query 4`] = `Array []`;

exports[`product-service tests return the products that match query v2 1`] = `
Array [
  Laptop 1000,
]
`;

exports[`product-service tests return the products that match query v2 2`] = `
Array [
  Laptop 1000,
]
`;
